// Jest Snapshot v1, https://goo.gl/fbAQLP

exports[`Link changes the class when hovered 1`] = `
<div
  className="App"
>
  <header
    className="App-header"
  >
    <p>
      Edit 
      <code>
        src/App.js
      </code>
       and save to reload.
    </p>
    <a
      className="App-link"
      href="https://reactjs.org"
      rel="noopener noreferrer"
      target="_blank"
    >
      Learn React
    </a>
  </header>
  <div>
    "default"
  </div>
  <div>
    <label>
      ID : 
    </label>
    <input
      type="text"
    />
    <label>
      Password : 
    </label>
    <input
      type="text"
    />
  </div>
</div>
`;
