// Jest Snapshot v1, https://goo.gl/fbAQLP

exports[`LoginPage test 1`] = `
<div>
  "default"
</div>
`;
